
> @kore/web@0.0.0 build
> next build

  ▲ Next.js 14.2.0

   Creating an optimized production build ...
 ✓ Compiled successfully
   Linting and checking validity of types ...
   Collecting page data ...
   Generating static pages (0/4) ...
   Generating static pages (1/4) 
   Generating static pages (2/4) 
   Generating static pages (3/4) 
 ✓ Generating static pages (4/4)
   Finalizing page optimization ...
   Collecting build traces ...

Route (app)                              Size     First Load JS
┌ ○ /                                    137 B            87 kB
└ ○ /_not-found                          871 B          87.8 kB
+ First Load JS shared by all            86.9 kB
  ├ chunks/23-c9fd11bd7f38ece4.js        31.3 kB
  ├ chunks/fd9d1056-2821b0f0cabcd8bd.js  53.6 kB
  └ other shared chunks (total)          1.92 kB


○  (Static)  prerendered as static content

